Equipment generation environment audit — 2026-07-26 UTC

Repository: /workspace/Scripts-Repo

Project-root search:
  find /workspace /root /tmp -maxdepth 5 -type f -path '*/ProjectSettings/ProjectVersion.txt'
Result:
  No ProjectSettings/ProjectVersion.txt found.

Required Unity project-root directories:
  Assets: missing at repository root (the repository itself is intended to be mounted as Assets/Scripts Repo)
  Packages: missing
  ProjectSettings: missing

Unity executable search:
  UNITY_PATH / UNITY_EDITOR_PATH: unset
  /opt, /usr/local, /root, /tmp: no Unity editor installation found in this run
  Unity Hub installation: not found

Additional repository search:
  No project-specific Unity batch build script or CI workflow is present.

Prior editor bootstrap attempt in this environment:
  Unity 2021.3.45f1 Linux editor was downloaded from Unity's official release endpoint and launched with -batchmode -nographics.
  The editor exited 1 before project import: "No valid Unity Editor license found. Please activate your license."
  Licensing client also reported: "com.unity.editor.headless was not found" and no free entitlement.

Outcome:
  AssetDatabase could not legally execute. No generated Unity YAML was hand-authored or forged.
  Physical asset generation and Unity validation did not run.

Manual serialization pass authorized by user — 2026-07-26 UTC
  Manifest records materialized: 147
  EquipmentData created: 93
  EquipmentData updated in place: 26
  ProjectileData created: 25
  ProjectileData updated in place: 3
  Shared AbilityData created: 3
  Shared StatusEffectData created: 7
  Legacy data assets retained and assigned stable IDs: 24
  EquipmentDatabase created: 1 (138 equipment, 33 projectiles, including retained legacy assets)
  Missing output .asset/.meta pairs: 0
  Duplicate stable IDs: 0
  Unresolved serialized GUID references: 0

Unity batch import status:
  Not run. The checkout still lacks Assets/Packages/ProjectSettings and the editor license is unavailable.
